<?xml version="1.0" encoding="UTF-8" standalone="no"?>
<mappingRoot xmlns="http://www.ibm.com/2008/ccl/Mapping" xmlns:map="default" domainID="com.ibm.msl.mapping.xml" domainIDExtension="mb" mainMap="false" targetNamespace="default" version="8.0.5.0">
    <input path="/Insert.xsd" var="var"/>
    <input path="jar:file://!com/ibm/msl/mapping/rdb/xsds/dbreturn.xsd" var="var1"/>
    <output path="/Insert.xsd" var="var2"/>
    <output path="db:table(/xe.dbm,xe,SYSTEM,SCH)" var="SCH"/>
    <generation engine="xquery"/>
    <mappingDeclaration name="MF_Mapping_CRUD_Mapping">
        <input path="$var/mb:msg(Name,assembly,XMLNSC,Properties)" var="MessageAssembly"/>
        <output path="$var2/mb:msg(Name,assembly,XMLNSC,Properties)" var="MessageAssembly1"/>
        <output path="$SCH/db:insert(fn:false(),NAME)" var="dbinsert"/>
        <assign>
            <output path="$MessageAssembly1/Name"/>
        </assign>
        <transaction>
            <insert ref="dbinsert">
                <input path="$MessageAssembly/Name"/>
                <output path="$dbinsert/NAME"/>
            </insert>
            <return>
                <input path="$var1/DBInsertReturn" var="DBInsertReturn"/>
                <input path="$MessageAssembly/Properties" var="Properties"/>
            </return>
        </transaction>
    </mappingDeclaration>
</mappingRoot>
